// Jest Snapshot v1, https://goo.gl/fbAQLP

exports[`must show correctly 1`] = `[Function]`;

exports[`shows correctly 1`] = `[Function]`;
